[0;32m=== AI破壁计划 代码托管平台启动器 ===[0m
[0;32m✅ Gitea 准备就绪！正在启动...[0m
-----------------------------------------------------
🌐 访问地址: http://localhost:3000
👉 首次访问请点击页面底部的 [立即安装]
-----------------------------------------------------
2025/12/25 11:34:59 .../setting/security.go:168:loadSecurityFrom() [W] Enabling Query API Auth tokens is not recommended. DISABLE_QUERY_AUTH_TOKEN will default to true in gitea 1.23 and will be removed in gitea 1.24.
2025/12/25 11:34:59 cmd/web.go:242:runWeb() [I] Starting Gitea on PID: 6662
2025/12/25 11:34:59 cmd/web.go:111:showWebStartupMessage() [I] Gitea version: 1.21.4 built with GNU Make 4.3, go1.21.5 : bindata, sqlite, sqlite_unlock_notify
2025/12/25 11:34:59 cmd/web.go:112:showWebStartupMessage() [I] * RunMode: prod
2025/12/25 11:34:59 cmd/web.go:113:showWebStartupMessage() [I] * AppPath: /Users/apple/Library/CloudStorage/OneDrive-个人/1_Course/2025-2026/《AI破壁计划》/gitea/gitea
2025/12/25 11:34:59 cmd/web.go:114:showWebStartupMessage() [I] * WorkPath: /Users/apple/Library/CloudStorage/OneDrive-个人/1_Course/2025-2026/《AI破壁计划》/gitea
2025/12/25 11:34:59 cmd/web.go:115:showWebStartupMessage() [I] * CustomPath: /Users/apple/Library/CloudStorage/OneDrive-个人/1_Course/2025-2026/《AI破壁计划》/gitea/custom
2025/12/25 11:34:59 cmd/web.go:116:showWebStartupMessage() [I] * ConfigFile: /Users/apple/Library/CloudStorage/OneDrive-个人/1_Course/2025-2026/《AI破壁计划》/gitea/custom/conf/app.ini
2025/12/25 11:34:59 cmd/web.go:117:showWebStartupMessage() [I] Prepare to run install page
2025/12/25 11:34:59 cmd/web.go:304:listen() [I] Listen: http://0.0.0.0:3000
2025/12/25 11:34:59 cmd/web.go:308:listen() [I] AppURL(ROOT_URL): http://localhost:3000/
2025/12/25 11:34:59 ...s/graceful/server.go:70:NewServer() [I] Starting new Web server: tcp:0.0.0.0:3000 on PID: 6662
2025/12/25 17:51:57 ...s/install/install.go:496:SubmitInstall() [I] Save settings to custom config file /Users/apple/Library/CloudStorage/OneDrive-个人/1_Course/2025-2026/《AI破壁计划》/gitea/custom/conf/app.ini
2025/12/25 17:51:57 .../setting/security.go:168:loadSecurityFrom() [W] Enabling Query API Auth tokens is not recommended. DISABLE_QUERY_AUTH_TOKEN will default to true in gitea 1.23 and will be removed in gitea 1.24.
2025/12/25 17:51:57 routers/common/db.go:23:InitDBEngine() [I] Beginning ORM engine initialization.
2025/12/25 17:51:57 routers/common/db.go:30:InitDBEngine() [I] ORM engine initialization attempt #1/10...
2025/12/25 17:51:57 ...s/install/install.go:573:SubmitInstall() [I] First-time run install finished!
2025/12/25 17:52:00 cmd/web.go:355:listen() [I] HTTP Listener: 0.0.0.0:3000 Closed
2025/12/25 17:52:00 .../setting/security.go:168:loadSecurityFrom() [W] Enabling Query API Auth tokens is not recommended. DISABLE_QUERY_AUTH_TOKEN will default to true in gitea 1.23 and will be removed in gitea 1.24.
2025/12/25 17:52:00 cmd/web.go:111:showWebStartupMessage() [I] Gitea version: 1.21.4 built with GNU Make 4.3, go1.21.5 : bindata, sqlite, sqlite_unlock_notify
2025/12/25 17:52:00 cmd/web.go:112:showWebStartupMessage() [I] * RunMode: prod
2025/12/25 17:52:00 cmd/web.go:113:showWebStartupMessage() [I] * AppPath: /Users/apple/Library/CloudStorage/OneDrive-个人/1_Course/2025-2026/《AI破壁计划》/gitea/gitea
2025/12/25 17:52:00 cmd/web.go:114:showWebStartupMessage() [I] * WorkPath: /Users/apple/Library/CloudStorage/OneDrive-个人/1_Course/2025-2026/《AI破壁计划》/gitea
2025/12/25 17:52:00 cmd/web.go:115:showWebStartupMessage() [I] * CustomPath: /Users/apple/Library/CloudStorage/OneDrive-个人/1_Course/2025-2026/《AI破壁计划》/gitea/custom
2025/12/25 17:52:00 cmd/web.go:116:showWebStartupMessage() [I] * ConfigFile: /Users/apple/Library/CloudStorage/OneDrive-个人/1_Course/2025-2026/《AI破壁计划》/gitea/custom/conf/app.ini
2025/12/25 17:52:00 cmd/web.go:117:showWebStartupMessage() [I] Prepare to run web server
2025/12/25 17:52:00 modules/git/git.go:132:checkInit() [W] git module has been initialized already, duplicate init may work but it's better to fix it
2025/12/25 17:52:00 modules/git/git.go:132:checkInit() [W] git module has been initialized already, duplicate init may work but it's better to fix it
2025/12/25 17:52:00 routers/init.go:112:InitWebInstalled() [I] Git version: 2.39.5, Wire Protocol Version 2 Enabled (home: /Users/apple/Library/CloudStorage/OneDrive-个人/1_Course/2025-2026/《AI破壁计划》/gitea/data/home)
2025/12/25 17:52:00 ...les/setting/cache.go:75:loadCacheFrom() [I] Cache Service Enabled
2025/12/25 17:52:00 ...les/setting/cache.go:90:loadCacheFrom() [I] Last Commit Cache Service Enabled
2025/12/25 17:52:00 ...s/setting/session.go:74:loadSessionFrom() [I] Session Service Enabled
2025/12/25 17:52:00 ...s/storage/storage.go:176:initAttachments() [I] Initialising Attachment storage with type: local
2025/12/25 17:52:00 ...les/storage/local.go:33:NewLocalStorage() [I] Creating new Local Storage at /Users/apple/Library/CloudStorage/OneDrive-个人/1_Course/2025-2026/《AI破壁计划》/gitea/data/attachments
2025/12/25 17:52:00 ...s/storage/storage.go:166:initAvatars() [I] Initialising Avatar storage with type: local
2025/12/25 17:52:00 ...les/storage/local.go:33:NewLocalStorage() [I] Creating new Local Storage at /Users/apple/Library/CloudStorage/OneDrive-个人/1_Course/2025-2026/《AI破壁计划》/gitea/data/avatars
2025/12/25 17:52:00 ...s/storage/storage.go:192:initRepoAvatars() [I] Initialising Repository Avatar storage with type: local
2025/12/25 17:52:00 ...les/storage/local.go:33:NewLocalStorage() [I] Creating new Local Storage at /Users/apple/Library/CloudStorage/OneDrive-个人/1_Course/2025-2026/《AI破壁计划》/gitea/data/repo-avatars
2025/12/25 17:52:00 ...s/storage/storage.go:186:initLFS() [I] Initialising LFS storage with type: local
2025/12/25 17:52:00 ...les/storage/local.go:33:NewLocalStorage() [I] Creating new Local Storage at /Users/apple/Library/CloudStorage/OneDrive-个人/1_Course/2025-2026/《AI破壁计划》/gitea/data/lfs
2025/12/25 17:52:00 ...s/storage/storage.go:198:initRepoArchives() [I] Initialising Repository Archive storage with type: local
2025/12/25 17:52:00 ...les/storage/local.go:33:NewLocalStorage() [I] Creating new Local Storage at /Users/apple/Library/CloudStorage/OneDrive-个人/1_Course/2025-2026/《AI破壁计划》/gitea/data/repo-archive
2025/12/25 17:52:00 ...s/storage/storage.go:208:initPackages() [I] Initialising Packages storage with type: local
2025/12/25 17:52:00 ...les/storage/local.go:33:NewLocalStorage() [I] Creating new Local Storage at /Users/apple/Library/CloudStorage/OneDrive-个人/1_Course/2025-2026/《AI破壁计划》/gitea/data/packages
2025/12/25 17:52:00 ...s/storage/storage.go:219:initActions() [I] Initialising Actions storage with type: local
2025/12/25 17:52:00 ...les/storage/local.go:33:NewLocalStorage() [I] Creating new Local Storage at /Users/apple/Library/CloudStorage/OneDrive-个人/1_Course/2025-2026/《AI破壁计划》/gitea/data/actions_log
2025/12/25 17:52:00 ...s/storage/storage.go:223:initActions() [I] Initialising ActionsArtifacts storage with type: local
2025/12/25 17:52:00 ...les/storage/local.go:33:NewLocalStorage() [I] Creating new Local Storage at /Users/apple/Library/CloudStorage/OneDrive-个人/1_Course/2025-2026/《AI破壁计划》/gitea/data/actions_artifacts
2025/12/25 17:52:00 routers/init.go:131:InitWebInstalled() [I] SQLite3 support is enabled
2025/12/25 17:52:00 routers/common/db.go:23:InitDBEngine() [I] Beginning ORM engine initialization.
2025/12/25 17:52:00 routers/common/db.go:30:InitDBEngine() [I] ORM engine initialization attempt #1/10...
2025/12/25 17:52:00 cmd/web.go:194:serveInstalled() [I] PING DATABASE sqlite3
2025/12/25 17:52:00 cmd/web.go:194:serveInstalled() [W] Table system_setting Column version db default is , struct default is 1
2025/12/25 17:52:00 routers/init.go:137:InitWebInstalled() [I] ORM engine initialization successful!
2025/12/25 17:52:03 ...er/issues/indexer.go:77:func1() [I] PID 6662: Initializing Issue Indexer: bleve
2025/12/25 17:52:03 ...xer/stats/indexer.go:39:populateRepoIndexer() [I] Populating the repo stats indexer with existing repositories
2025/12/25 17:52:03 routers/init.go:81:syncAppConfForGit() [I] AppPath changed from '' to '/Users/apple/Library/CloudStorage/OneDrive-个人/1_Course/2025-2026/《AI破壁计划》/gitea/gitea'
2025/12/25 17:52:03 routers/init.go:86:syncAppConfForGit() [I] CustomConf changed from '' to '/Users/apple/Library/CloudStorage/OneDrive-个人/1_Course/2025-2026/《AI破壁计划》/gitea/custom/conf/app.ini'
2025/12/25 17:52:03 routers/init.go:92:syncAppConfForGit() [I] re-sync repository hooks ...
2025/12/25 17:52:03 routers/init.go:95:syncAppConfForGit() [I] re-write ssh public keys ...
2025/12/25 17:52:03 ...s/actions/cleanup.go:29:CleanupArtifacts() [I] Found 0 expired artifacts
2025/12/25 17:52:03 cmd/web.go:304:listen() [I] Listen: http://0.0.0.0:3000
2025/12/25 17:52:03 cmd/web.go:308:listen() [I] AppURL(ROOT_URL): http://10.20.219.93:3000/
2025/12/25 17:52:03 cmd/web.go:311:listen() [I] LFS server enabled
2025/12/25 17:52:03 ...s/graceful/server.go:70:NewServer() [I] Starting new Web server: tcp:0.0.0.0:3000 on PID: 6662
2025/12/25 17:52:03 ...er/issues/indexer.go:154:func2() [I] Issue Indexer Initialization took 30.100417ms
2025/12/25 17:52:04 ...eb/routing/logger.go:102:func1() [I] router: completed GET /user/login for [::1]:61585, 200 OK in 2.6ms @ auth/auth.go:141(auth.SignIn)
2025/12/25 17:52:04 ...eb/routing/logger.go:102:func1() [I] router: completed GET /user/login for [::1]:61585, 200 OK in 2.0ms @ auth/auth.go:141(auth.SignIn)
2025/12/25 17:52:06 ...eb/routing/logger.go:102:func1() [I] router: completed GET /user/sign_up for [::1]:61585, 200 OK in 4.9ms @ auth/auth.go:390(auth.SignUp)
2025/12/25 17:52:08 ...eb/routing/logger.go:102:func1() [I] router: completed GET /user/sign_up for [::1]:61585, 200 OK in 2.7ms @ auth/auth.go:390(auth.SignUp)
2025/12/25 17:52:08 ...eb/routing/logger.go:102:func1() [I] router: completed GET /user/login for [::1]:61585, 200 OK in 4.4ms @ auth/auth.go:141(auth.SignIn)
2025/12/25 17:52:10 ...ers/web/auth/auth.go:206:SignInPost() [I] Failed authentication attempt for sasu from [::1]:61585: user does not exist [uid: 0, name: sasu, keyid: 0]
2025/12/25 17:52:10 ...eb/routing/logger.go:102:func1() [I] router: completed POST /user/login for [::1]:61585, 200 OK in 1.2ms @ auth/auth.go:170(auth.SignInPost)
2025/12/25 17:52:12 ...ers/web/auth/auth.go:206:SignInPost() [I] Failed authentication attempt for sasu from [::1]:61585: user does not exist [uid: 0, name: sasu, keyid: 0]
2025/12/25 17:52:12 ...eb/routing/logger.go:102:func1() [I] router: completed POST /user/login for [::1]:61585, 200 OK in 1.1ms @ auth/auth.go:170(auth.SignInPost)
2025/12/25 17:52:16 ...ers/web/auth/auth.go:206:SignInPost() [I] Failed authentication attempt for sasu from [::1]:61585: user does not exist [uid: 0, name: sasu, keyid: 0]
2025/12/25 17:52:16 ...eb/routing/logger.go:102:func1() [I] router: completed POST /user/login for [::1]:61585, 200 OK in 1.2ms @ auth/auth.go:170(auth.SignInPost)
2025/12/25 17:52:17 ...ers/web/auth/auth.go:206:SignInPost() [I] Failed authentication attempt for sasu from [::1]:61585: user does not exist [uid: 0, name: sasu, keyid: 0]
2025/12/25 17:52:17 ...eb/routing/logger.go:102:func1() [I] router: completed POST /user/login for [::1]:61585, 200 OK in 1.1ms @ auth/auth.go:170(auth.SignInPost)
2025/12/25 17:52:17 ...ers/web/auth/auth.go:206:SignInPost() [I] Failed authentication attempt for sasu from [::1]:61585: user does not exist [uid: 0, name: sasu, keyid: 0]
2025/12/25 17:52:17 ...eb/routing/logger.go:102:func1() [I] router: completed POST /user/login for [::1]:61585, 200 OK in 1.0ms @ auth/auth.go:170(auth.SignInPost)
2025/12/25 17:52:17 ...ers/web/auth/auth.go:206:SignInPost() [I] Failed authentication attempt for sasu from [::1]:61585: user does not exist [uid: 0, name: sasu, keyid: 0]
2025/12/25 17:52:17 ...eb/routing/logger.go:102:func1() [I] router: completed POST /user/login for [::1]:61585, 200 OK in 0.9ms @ auth/auth.go:170(auth.SignInPost)
2025/12/25 17:52:17 ...ers/web/auth/auth.go:206:SignInPost() [I] Failed authentication attempt for sasu from [::1]:61585: user does not exist [uid: 0, name: sasu, keyid: 0]
2025/12/25 17:52:17 ...eb/routing/logger.go:102:func1() [I] router: completed POST /user/login for [::1]:61585, 200 OK in 1.1ms @ auth/auth.go:170(auth.SignInPost)
2025/12/25 17:52:17 ...ers/web/auth/auth.go:206:SignInPost() [I] Failed authentication attempt for sasu from [::1]:61585: user does not exist [uid: 0, name: sasu, keyid: 0]
2025/12/25 17:52:17 ...eb/routing/logger.go:102:func1() [I] router: completed POST /user/login for [::1]:61585, 200 OK in 2.8ms @ auth/auth.go:170(auth.SignInPost)
2025/12/25 17:52:18 ...ers/web/auth/auth.go:206:SignInPost() [I] Failed authentication attempt for sasu from [::1]:61585: user does not exist [uid: 0, name: sasu, keyid: 0]
2025/12/25 17:52:18 ...eb/routing/logger.go:102:func1() [I] router: completed POST /user/login for [::1]:61585, 200 OK in 3.0ms @ auth/auth.go:170(auth.SignInPost)
2025/12/25 17:52:35 ...eb/routing/logger.go:102:func1() [I] router: completed GET /user/sign_up for [::1]:61585, 200 OK in 2.9ms @ auth/auth.go:390(auth.SignUp)
2025/12/25 17:52:42 ...eb/routing/logger.go:102:func1() [I] router: completed GET /user/login for [::1]:61585, 200 OK in 3.7ms @ auth/auth.go:141(auth.SignIn)
2025/12/25 17:52:45 ...eb/routing/logger.go:102:func1() [I] router: completed GET /user/sign_up for [::1]:61585, 200 OK in 4.1ms @ auth/auth.go:390(auth.SignUp)
2025/12/25 17:52:48 ...eb/routing/logger.go:102:func1() [I] router: completed GET /user/login/openid for [::1]:61585, 200 OK in 2.1ms @ auth/openid.go:31(auth.SignInOpenID)
2025/12/25 20:47:40 ...eb/routing/logger.go:102:func1() [I] router: completed GET /user/login for [::1]:54537, 200 OK in 2.1ms @ auth/auth.go:141(auth.SignIn)
2025/12/25 20:47:42 ...eb/routing/logger.go:102:func1() [I] router: completed GET /user/login for [::1]:54537, 200 OK in 2.9ms @ auth/auth.go:141(auth.SignIn)
2025/12/25 20:47:43 ...ers/web/auth/auth.go:206:SignInPost() [I] Failed authentication attempt for sasu from [::1]:54537: user does not exist [uid: 0, name: sasu, keyid: 0]
2025/12/25 20:47:43 ...eb/routing/logger.go:102:func1() [I] router: completed POST /user/login for [::1]:54537, 200 OK in 4.1ms @ auth/auth.go:170(auth.SignInPost)
2025/12/25 20:47:50 ...ers/web/auth/auth.go:206:SignInPost() [I] Failed authentication attempt for sasu from [::1]:54537: user does not exist [uid: 0, name: sasu, keyid: 0]
2025/12/25 20:47:50 ...eb/routing/logger.go:102:func1() [I] router: completed POST /user/login for [::1]:54537, 200 OK in 5.1ms @ auth/auth.go:170(auth.SignInPost)
2025/12/25 20:47:51 ...ers/web/auth/auth.go:206:SignInPost() [I] Failed authentication attempt for sasu from [::1]:54537: user does not exist [uid: 0, name: sasu, keyid: 0]
2025/12/25 20:47:51 ...eb/routing/logger.go:102:func1() [I] router: completed POST /user/login for [::1]:54537, 200 OK in 4.5ms @ auth/auth.go:170(auth.SignInPost)
2025/12/25 20:47:52 ...eb/routing/logger.go:102:func1() [I] router: completed GET /user/sign_up for [::1]:54537, 200 OK in 0.9ms @ auth/auth.go:390(auth.SignUp)
2025/12/25 20:48:10 ...eb/routing/logger.go:102:func1() [I] router: completed POST /user/sign_up for [::1]:54537, 200 OK in 3.6ms @ auth/auth.go:419(auth.SignUpPost)
2025/12/25 20:48:15 ...eb/routing/logger.go:102:func1() [I] router: completed POST /user/sign_up for [::1]:54537, 303 See Other in 33.4ms @ auth/auth.go:419(auth.SignUpPost)
2025/12/25 20:48:15 ...eb/routing/logger.go:102:func1() [I] router: completed GET / for [::1]:54537, 200 OK in 8.2ms @ web/home.go:32(web.Home)
2025/12/25 20:48:15 ...eb/routing/logger.go:102:func1() [I] router: completed GET /repo/search?count_only=1&uid=1&team_id=undefined&q=&page=1&mode= for [::1]:54712, 0  in 1.9ms @ repo/repo.go:506(repo.SearchRepo)
2025/12/25 20:48:15 ...eb/routing/logger.go:102:func1() [I] router: completed GET /repo/search?sort=updated&order=desc&uid=1&team_id=undefined&q=&page=1&limit=15&mode=&archived=false for [::1]:54712, 200 OK in 3.7ms @ repo/repo.go:506(repo.SearchRepo)
2025/12/25 20:48:15 ...eb/routing/logger.go:102:func1() [I] router: completed GET /avatar/c455613a2a0827ec13248855d23e6196?size=56 for [::1]:54538, 303 See Other in 46.9ms @ user/avatar.go:48(user.AvatarByEmailHash)
2025/12/25 20:48:15 ...eb/routing/logger.go:102:func1() [I] router: completed GET /avatar/c455613a2a0827ec13248855d23e6196?size=48 for [::1]:54537, 303 See Other in 50.2ms @ user/avatar.go:48(user.AvatarByEmailHash)
2025/12/25 20:48:19 ...eb/routing/logger.go:68:func1() [I] router: polling   GET /user/events for [::1]:54714, elapsed 3474.7ms @ events/events.go:18(events.Events)
2025/12/25 20:48:22 ...eb/routing/logger.go:102:func1() [I] router: completed GET /user/events for [::1]:54714, 200 OK in 6864.2ms @ events/events.go:18(events.Events)
2025/12/25 20:48:22 ...eb/routing/logger.go:102:func1() [I] router: completed GET /issues for [::1]:54537, 200 OK in 7.4ms @ user/home.go:345(user.Issues)
2025/12/25 20:48:23 ...eb/routing/logger.go:102:func1() [I] router: completed GET /user/events for [::1]:54537, 200 OK in 966.8ms @ events/events.go:18(events.Events)
2025/12/25 20:48:23 ...eb/routing/logger.go:102:func1() [I] router: completed GET /issues?type=assigned&repos=[]&sort=recentupdate&state=open&q= for [::1]:54538, 200 OK in 9.7ms @ user/home.go:345(user.Issues)
2025/12/25 20:48:23 ...eb/routing/logger.go:102:func1() [I] router: completed GET /user/events for [::1]:54538, 200 OK in 403.2ms @ events/events.go:18(events.Events)
2025/12/25 20:48:23 ...eb/routing/logger.go:102:func1() [I] router: completed GET /issues?type=created_by&repos=[]&sort=recentupdate&state=open&q= for [::1]:54712, 200 OK in 6.5ms @ user/home.go:345(user.Issues)
2025/12/25 20:48:24 ...eb/routing/logger.go:102:func1() [I] router: completed GET /user/events for [::1]:54712, 200 OK in 432.2ms @ events/events.go:18(events.Events)
2025/12/25 20:48:24 ...eb/routing/logger.go:102:func1() [I] router: completed GET /issues?type=mentioned&repos=[]&sort=recentupdate&state=open&q= for [::1]:54773, 200 OK in 10.3ms @ user/home.go:345(user.Issues)
2025/12/25 20:48:27 ...eb/routing/logger.go:102:func1() [I] router: completed GET /user/events for [::1]:54773, 200 OK in 2727.6ms @ events/events.go:18(events.Events)
2025/12/25 20:48:27 ...eb/routing/logger.go:102:func1() [I] router: completed GET /repo/create for [::1]:54800, 200 OK in 11.1ms @ repo/repo.go:150(repo.Create)
2025/12/25 20:48:31 ...eb/routing/logger.go:68:func1() [I] router: polling   GET /user/events for [::1]:54800, elapsed 3807.2ms @ events/events.go:18(events.Events)
2025/12/25 20:48:57 ...eb/routing/logger.go:102:func1() [I] router: completed GET /user/events for [::1]:54800, 200 OK in 30477.6ms @ events/events.go:18(events.Events)
2025/12/25 20:48:57 ...eb/routing/logger.go:102:func1() [I] router: completed POST /repo/create for [::1]:54805, 303 See Other in 107.8ms @ repo/repo.go:218(repo.CreatePost)
2025/12/25 20:48:57 ...eb/routing/logger.go:102:func1() [I] router: completed GET /wht/python-flask for [::1]:54805, 200 OK in 32.2ms @ repo/view.go:730(repo.Home)
2025/12/25 20:49:01 ...eb/routing/logger.go:68:func1() [I] router: polling   GET /user/events for [::1]:54805, elapsed 3138.7ms @ events/events.go:18(events.Events)
2025/12/25 20:49:04 ...eb/routing/logger.go:102:func1() [I] router: completed GET /user/events for [::1]:54805, 200 OK in 6053.8ms @ events/events.go:18(events.Events)
2025/12/25 20:49:04 ...eb/routing/logger.go:102:func1() [I] router: completed GET /wht/python-flask/issues for [::1]:54899, 200 OK in 31.6ms @ repo/issue.go:462(repo.Issues)
2025/12/25 20:49:04 ...eb/routing/logger.go:102:func1() [I] router: completed GET /avatar/c455613a2a0827ec13248855d23e6196?size=40 for [::1]:54899, 303 See Other in 19.3ms @ user/avatar.go:48(user.AvatarByEmailHash)
2025/12/25 20:49:04 ...eb/routing/logger.go:102:func1() [I] router: completed GET /user/events for [::1]:54899, 200 OK in 627.5ms @ events/events.go:18(events.Events)
2025/12/25 20:49:04 ...eb/routing/logger.go:102:func1() [I] router: completed GET /wht/python-flask/issues for [::1]:54927, 200 OK in 25.3ms @ repo/issue.go:462(repo.Issues)
2025/12/25 20:49:05 ...eb/routing/logger.go:102:func1() [I] router: completed GET /user/events for [::1]:54927, 200 OK in 503.6ms @ events/events.go:18(events.Events)
2025/12/25 20:49:05 ...eb/routing/logger.go:102:func1() [I] router: completed GET /wht/python-flask/packages for [::1]:54959, 200 OK in 27.7ms @ repo/packages.go:23(repo.Packages)
2025/12/25 20:49:05 ...eb/routing/logger.go:102:func1() [I] router: completed GET /user/events for [::1]:54959, 200 OK in 545.8ms @ events/events.go:18(events.Events)
2025/12/25 20:49:05 ...eb/routing/logger.go:102:func1() [I] router: completed GET /wht/python-flask/projects for [::1]:54960, 200 OK in 26.9ms @ repo/projects.go:51(repo.Projects)
2025/12/25 20:49:06 ...eb/routing/logger.go:102:func1() [I] router: completed GET /user/events for [::1]:54960, 200 OK in 485.1ms @ events/events.go:18(events.Events)
2025/12/25 20:49:06 ...eb/routing/logger.go:102:func1() [I] router: completed GET /wht/python-flask/wiki for [::1]:54961, 200 OK in 24.0ms @ repo/wiki.go:474(repo.Wiki)
2025/12/25 20:49:07 ...eb/routing/logger.go:102:func1() [I] router: completed GET /user/events for [::1]:54961, 200 OK in 967.5ms @ events/events.go:18(events.Events)
2025/12/25 20:49:07 ...eb/routing/logger.go:102:func1() [I] router: completed GET /wht/python-flask for [::1]:54962, 200 OK in 38.1ms @ repo/view.go:730(repo.Home)
2025/12/25 20:49:10 ...eb/routing/logger.go:102:func1() [I] router: completed GET /user/events for [::1]:54962, 200 OK in 3390.4ms @ events/events.go:18(events.Events)
2025/12/25 20:49:10 ...eb/routing/logger.go:102:func1() [I] router: completed GET /issues for [::1]:54963, 200 OK in 11.4ms @ user/home.go:345(user.Issues)
2025/12/25 20:49:11 ...eb/routing/logger.go:102:func1() [I] router: completed GET /user/events for [::1]:54963, 200 OK in 848.8ms @ events/events.go:18(events.Events)
2025/12/25 20:49:11 ...eb/routing/logger.go:102:func1() [I] router: completed GET /issues?type=assigned&repos=[]&sort=recentupdate&state=open&q= for [::1]:54964, 200 OK in 8.7ms @ user/home.go:345(user.Issues)
2025/12/25 20:49:12 ...eb/routing/logger.go:102:func1() [I] router: completed GET /user/events for [::1]:54964, 200 OK in 407.2ms @ events/events.go:18(events.Events)
2025/12/25 20:49:12 ...eb/routing/logger.go:102:func1() [I] router: completed GET /issues?type=created_by&repos=[]&sort=recentupdate&state=open&q= for [::1]:54965, 200 OK in 8.9ms @ user/home.go:345(user.Issues)
2025/12/25 20:49:12 ...eb/routing/logger.go:102:func1() [I] router: completed GET /user/events for [::1]:54965, 200 OK in 450.1ms @ events/events.go:18(events.Events)
2025/12/25 20:49:12 ...eb/routing/logger.go:102:func1() [I] router: completed GET /issues?type=mentioned&repos=[]&sort=recentupdate&state=open&q= for [::1]:54966, 200 OK in 7.2ms @ user/home.go:345(user.Issues)
2025/12/25 20:49:13 ...eb/routing/logger.go:102:func1() [I] router: completed GET /user/events for [::1]:54966, 200 OK in 545.7ms @ events/events.go:18(events.Events)
2025/12/25 20:49:13 ...eb/routing/logger.go:102:func1() [I] router: completed GET /issues?type=your_repositories&repos=[]&sort=recentupdate&state=open&q= for [::1]:54967, 200 OK in 6.0ms @ user/home.go:345(user.Issues)
2025/12/25 20:49:14 ...eb/routing/logger.go:102:func1() [I] router: completed GET /user/events for [::1]:54967, 200 OK in 697.1ms @ events/events.go:18(events.Events)
2025/12/25 20:49:14 ...eb/routing/logger.go:102:func1() [I] router: completed GET /pulls for [::1]:54968, 200 OK in 7.8ms @ user/home.go:331(user.Pulls)
2025/12/25 20:49:14 ...eb/routing/logger.go:102:func1() [I] router: completed GET /user/events for [::1]:54968, 200 OK in 609.3ms @ events/events.go:18(events.Events)
2025/12/25 20:49:14 ...eb/routing/logger.go:102:func1() [I] router: completed GET /milestones for [::1]:54969, 200 OK in 10.0ms @ user/home.go:145(user.Milestones)
2025/12/25 20:49:15 ...eb/routing/logger.go:102:func1() [I] router: completed GET /user/events for [::1]:54969, 200 OK in 654.9ms @ events/events.go:18(events.Events)
2025/12/25 20:49:15 ...eb/routing/logger.go:102:func1() [I] router: completed GET /explore/repos for [::1]:54970, 200 OK in 7.8ms @ explore/repo.go:156(explore.Repos)
2025/12/25 20:49:16 ...eb/routing/logger.go:102:func1() [I] router: completed GET /user/events for [::1]:54970, 200 OK in 666.5ms @ events/events.go:18(events.Events)
2025/12/25 20:49:16 ...eb/routing/logger.go:102:func1() [I] router: completed GET /milestones for [::1]:54971, 200 OK in 5.6ms @ user/home.go:145(user.Milestones)
2025/12/25 20:49:17 ...eb/routing/logger.go:102:func1() [I] router: completed GET /user/events for [::1]:54971, 200 OK in 1487.4ms @ events/events.go:18(events.Events)
2025/12/25 20:49:17 ...eb/routing/logger.go:102:func1() [I] router: completed GET /explore/repos for [::1]:54972, 200 OK in 9.5ms @ explore/repo.go:156(explore.Repos)
2025/12/25 20:49:19 ...eb/routing/logger.go:102:func1() [I] router: completed GET /user/events for [::1]:54972, 200 OK in 1538.2ms @ events/events.go:18(events.Events)
2025/12/25 20:49:19 ...eb/routing/logger.go:102:func1() [I] router: completed GET /wht/python-flask for [::1]:54973, 200 OK in 39.3ms @ repo/view.go:730(repo.Home)
2025/12/25 20:49:23 ...eb/routing/logger.go:68:func1() [I] router: polling   GET /user/events for [::1]:54973, elapsed 3737.9ms @ events/events.go:18(events.Events)
2025/12/25 20:56:53 ...eb/routing/logger.go:102:func1() [I] router: completed GET /user/events for [::1]:54973, 200 OK in 454087.1ms @ events/events.go:18(events.Events)
2025/12/25 20:57:00 ...eb/routing/logger.go:68:func1() [I] router: polling   GET /user/events for [::1]:57252, elapsed 3635.5ms @ events/events.go:18(events.Events)
2025/12/25 21:04:23 ...eb/routing/logger.go:102:func1() [I] router: completed GET /user/events for [::1]:57252, 200 OK in 185635.2ms @ events/events.go:18(events.Events)
2025/12/25 21:22:45 ...eb/routing/logger.go:102:func1() [I] router: completed HEAD / for [::1]:61131, 200 OK in 0.0ms @ misc/misc.go:32(misc.DummyOK)
2025/12/26 09:06:34 ...eb/routing/logger.go:102:func1() [I] router: completed GET / for [::1]:56254, 200 OK in 7.0ms @ web/home.go:32(web.Home)
2025/12/26 09:06:34 ...eb/routing/logger.go:102:func1() [I] router: completed GET /avatar/c455613a2a0827ec13248855d23e6196?size=56 for [::1]:56254, 303 See Other in 32.1ms @ user/avatar.go:48(user.AvatarByEmailHash)
2025/12/26 09:06:34 ...eb/routing/logger.go:102:func1() [I] router: completed GET /avatar/c455613a2a0827ec13248855d23e6196?size=48 for [::1]:56255, 303 See Other in 32.4ms @ user/avatar.go:48(user.AvatarByEmailHash)
2025/12/26 09:06:34 ...eb/routing/logger.go:102:func1() [I] router: completed GET /repo/search?count_only=1&uid=1&team_id=undefined&q=&page=1&mode= for [::1]:56255, 0  in 2.8ms @ repo/repo.go:506(repo.SearchRepo)
2025/12/26 09:06:34 ...eb/routing/logger.go:102:func1() [I] router: completed GET /repo/search?sort=updated&order=desc&uid=1&team_id=undefined&q=&page=1&limit=15&mode=&archived=false for [::1]:56255, 200 OK in 1.8ms @ repo/repo.go:506(repo.SearchRepo)
2025/12/26 09:06:37 ...eb/routing/logger.go:102:func1() [I] router: completed GET /user/events for [::1]:56255, 200 OK in 2485.9ms @ events/events.go:18(events.Events)
2025/12/26 09:06:37 ...eb/routing/logger.go:102:func1() [I] router: completed GET /?date=2025-05-01 for [::1]:56254, 200 OK in 4.2ms @ web/home.go:32(web.Home)
2025/12/26 09:06:37 ...eb/routing/logger.go:102:func1() [I] router: completed GET /repo/search?count_only=1&uid=1&team_id=undefined&q=&page=1&mode= for [::1]:56254, 0  in 1.5ms @ repo/repo.go:506(repo.SearchRepo)
2025/12/26 09:06:37 ...eb/routing/logger.go:102:func1() [I] router: completed GET /repo/search?sort=updated&order=desc&uid=1&team_id=undefined&q=&page=1&limit=15&mode=&archived=false for [::1]:56254, 200 OK in 3.0ms @ repo/repo.go:506(repo.SearchRepo)
2025/12/26 09:06:40 ...eb/routing/logger.go:68:func1() [I] router: polling   GET /user/events for [::1]:56256, elapsed 3064.0ms @ events/events.go:18(events.Events)
2025/12/26 09:06:45 ...eb/routing/logger.go:102:func1() [I] router: completed GET /user/events for [::1]:56256, 200 OK in 7959.9ms @ events/events.go:18(events.Events)
2025/12/26 09:06:45 ...eb/routing/logger.go:102:func1() [I] router: completed GET /issues for [::1]:56254, 200 OK in 7.5ms @ user/home.go:345(user.Issues)
2025/12/26 09:06:45 ...eb/routing/logger.go:102:func1() [I] router: completed GET /user/events for [::1]:56254, 200 OK in 563.0ms @ events/events.go:18(events.Events)
2025/12/26 09:06:45 ...eb/routing/logger.go:102:func1() [I] router: completed GET /pulls for [::1]:56275, 200 OK in 5.3ms @ user/home.go:331(user.Pulls)
2025/12/26 09:06:46 ...eb/routing/logger.go:102:func1() [I] router: completed GET /user/events for [::1]:56275, 200 OK in 602.8ms @ events/events.go:18(events.Events)
2025/12/26 09:06:46 ...eb/routing/logger.go:102:func1() [I] router: completed GET /milestones for [::1]:56276, 200 OK in 3.1ms @ user/home.go:145(user.Milestones)
2025/12/26 09:06:47 ...eb/routing/logger.go:102:func1() [I] router: completed GET /user/events for [::1]:56276, 200 OK in 653.9ms @ events/events.go:18(events.Events)
2025/12/26 09:06:47 ...eb/routing/logger.go:102:func1() [I] router: completed GET /explore/repos for [::1]:56277, 200 OK in 5.4ms @ explore/repo.go:156(explore.Repos)
2025/12/26 09:06:49 ...eb/routing/logger.go:102:func1() [I] router: completed GET /user/events for [::1]:56277, 200 OK in 2287.7ms @ events/events.go:18(events.Events)
2025/12/26 09:06:49 ...eb/routing/logger.go:102:func1() [I] router: completed GET /explore/users for [::1]:56278, 200 OK in 3.9ms @ explore/user.go:126(explore.Users)
2025/12/26 09:06:49 ...eb/routing/logger.go:102:func1() [I] router: completed GET /avatar/c455613a2a0827ec13248855d23e6196?size=96 for [::1]:56278, 303 See Other in 16.8ms @ user/avatar.go:48(user.AvatarByEmailHash)
2025/12/26 09:06:51 ...eb/routing/logger.go:102:func1() [I] router: completed GET /user/events for [::1]:56278, 200 OK in 1608.9ms @ events/events.go:18(events.Events)
2025/12/26 09:06:51 ...eb/routing/logger.go:102:func1() [I] router: completed GET /explore/organizations for [::1]:56293, 200 OK in 5.1ms @ explore/org.go:15(explore.Organizations)
2025/12/26 09:06:51 ...eb/routing/logger.go:102:func1() [I] router: completed GET /user/events for [::1]:56293, 200 OK in 595.5ms @ events/events.go:18(events.Events)
2025/12/26 09:06:51 ...eb/routing/logger.go:102:func1() [I] router: completed GET /explore/repos for [::1]:56294, 200 OK in 2.3ms @ explore/repo.go:156(explore.Repos)
2025/12/26 09:06:53 ...eb/routing/logger.go:102:func1() [I] router: completed GET /user/events for [::1]:56294, 200 OK in 1572.9ms @ events/events.go:18(events.Events)
2025/12/26 09:06:53 ...eb/routing/logger.go:102:func1() [I] router: completed GET /issues for [::1]:56295, 200 OK in 3.5ms @ user/home.go:345(user.Issues)
2025/12/26 09:06:56 ...eb/routing/logger.go:102:func1() [I] router: completed GET /user/events for [::1]:56295, 200 OK in 2986.4ms @ events/events.go:18(events.Events)
2025/12/26 09:06:56 ...eb/routing/logger.go:102:func1() [I] router: completed GET /pulls for [::1]:56296, 200 OK in 5.4ms @ user/home.go:331(user.Pulls)
2025/12/26 09:07:00 ...eb/routing/logger.go:102:func1() [I] router: completed POST /user/logout for [::1]:56299, 200 OK in 2.5ms @ auth/auth.go:378(auth.SignOut)
2025/12/26 09:07:00 ...eb/routing/logger.go:102:func1() [I] router: completed GET /user/events for [::1]:56296, 200 OK in 3851.5ms @ events/events.go:18(events.Events)
2025/12/26 09:07:00 ...eb/routing/logger.go:102:func1() [I] router: completed GET /pulls for [::1]:56299, 303 See Other in 0.1ms @ web/web.go:139(web.registerRoutes.verifyAuthWithOptions)
2025/12/26 09:07:00 ...eb/routing/logger.go:102:func1() [I] router: completed GET /user/login for [::1]:56299, 200 OK in 0.7ms @ auth/auth.go:141(auth.SignIn)
2025/12/26 09:07:00 ...eb/routing/logger.go:102:func1() [I] router: completed POST /-/fetch-redirect for [::1]:56299, 303 See Other in 0.0ms @ common/redirect.go:13(common.FetchRedirectDelegate)
2025/12/26 09:07:00 ...eb/routing/logger.go:102:func1() [I] router: completed GET / for [::1]:56299, 200 OK in 0.9ms @ web/home.go:32(web.Home)
2025/12/26 09:07:17 ...eb/routing/logger.go:102:func1() [I] router: completed GET /user/login for [::1]:56299, 200 OK in 0.9ms @ auth/auth.go:141(auth.SignIn)
2025/12/26 13:36:19 ...s/actions/cleanup.go:29:CleanupArtifacts() [I] Found 0 expired artifacts
